Running "BUSY5.TM"

...0000000000000000000000000000000000000000...     TapePOS: 0
                        ^                          COUNT:   0
                        1

...0000000000000000000010000000000000000000...     TapePOS: 1
                        ^                          COUNT:   1
                        2

...0000000000000000000001000000000000000000...     TapePOS: 0
                        ^                          COUNT:   2
                        1

...0000000000000000000000100000000000000000...     TapePOS: -1
                        ^                          COUNT:   3
                        3

...0000000000000000000000110000000000000000...     TapePOS: -2
                        ^                          COUNT:   4
                        1

...0000000000000000000011100000000000000000...     TapePOS: -1
                        ^                          COUNT:   5
                        2

...0000000000000000000001010000000000000000...     TapePOS: -2
                        ^                          COUNT:   6
                        4

...0000000000000000000010100000000000000000...     TapePOS: -1
                        ^                          COUNT:   7
                        5

...0000000000000000000101000000000000000000...     TapePOS: 0
                        ^                          COUNT:   8
                        4

...0000000000000000001010000000000000000000...     TapePOS: 1
                        ^                          COUNT:   9
                        5

