119
SEN SEN N
S S N
S S1 N
S S2 N
S S3 N
S S4 N
S S5 N
S S6 N
S S7 N
S S8 N
S S9 N
S S10 N
S S11 N
S S12 N
S S13 N
S S14 N
S S15 N
S S16 N
S S17 N
S S18 N
PLS PLS N
WOULDYOU WOULDYOU N
WWORD WWORD L
YOUWORD YOUWORD L
PLSWORD PLSWORD L
PUTS PUTS N
PUTS PUTS1 N
VPUT VPUT L
MPUT MPUT L
PP PP N
PP PP1 N
ONPREP ONPREP L
MTOWORD MTOWORD L
TOPWORD TOPWORD L
OFWORD OFWORD L
BLOCK BLOCK N
ABLOCK ABLOCK N
ABLOCK ABLOCK1 L
ABLOCK ABLOCK2 N
ART ART L
SIZEWORD SIZEWORD L
COLORWORD COLORWORD L
OBJWORD OBJWORD L
LIFTS LIFTS N
LS LS N
LS LS1 N
VLIFT VLIFT L
VLIFT VLIFT1 N
PICKWORD PICKWORD L
UPWORD UPWORD L
DROPS DROPS N
DS DS N
DS DS1 N
DS DS2 N
DS DS3 N
FLOOR FLOOR N
FLOORWORD FLOORWORD L
DOWNWORD DOWNWORD L
DROPWORD DROPWORD L
FILLBOXS FILLBOXS N
FILLWORD FILLWORD L
BOX BOX N
BOXWORD BOXWORD L
WHERES WHERES N
WHRWORD WHRWORD L
ISWORD ISWORD L
AGAINS AGAINS L
HOWS HOWS L
TRACES TRACES N
TRCWORD TRCWORD L
ONOFF ONOFF L
PTRACES PTRACES N
PTWORD PTWORD L
PUTBETS PUTBETS N
BETWORD BETWORD L
ANDWORD ANDWORD L
PUTOBS PUTOBS N
BETREL BETREL N
BETREL BETREL1 N
BETREL BETREL2 N
BETREL BETREL3 N
BETREL BETREL4 N
BETREL BETREL5 N
BETREL BETREL6 N
BETREL BETREL7 N
NEXTTO NEXTTO N
NEXTWORD NEXTWORD L
TOWORD TOWORD L
BESIDE BESIDE L
BEHIND BEHIND L
NEAR NEAR L
INWORD INWORD L
FRONTWORD FRONTWORD L
BACKWORD BACKWORD L
LEFTWORD LEFTWORD L
RIGHTWORD RIGHTWORD L
FRONTOF FRONTOF N
BACKOF BACKOF N
TOTHE TOTHE N
LEFTOF LEFTOF N
RIGHTOF RIGHTOF N
VPUTBOX VPUTBOX L
BOXINWORD BOXINWORD L
PUTBOXS PUTBOXS N
CLRTOPS CLRTOPS N
TOPOF TOPOF N
CLRWORD CLRWORD L
MAKES MAKES N
VMAKE VMAKE L
THING THING L
DOLLYS DOLLYS N
DOLLYWORD DOLLYWORD L
DIR DIR L
HELPS HELPS L
CLEARS CLEARS N
SCR SCR N
SCRWORD SCRWORD L
RESETS RESETS L
QUITS QUITS L
